
/* test18 */

* Quick-sort
Sort {
    = ;
   t.1 e.2, <Partit ()t.1()e.2>: (e.L)t.1(e.R) 
         = <Sort e.L> t.1 <Sort e.R>;  
}
 
* Partition list e.List by element s.M.
* <Partit (e.Left)s.M(e.Right)e.Remaining-list>
*       == (e.Left1)s.M(e.Right1)
Partit {
   (e.L)s.M(e.R) = (e.L)s.M(e.R);
   (e.L)s.M(e.R) s.X e.2, <Order s.X s.M>:
             {T = <Partit (e.L s.X)s.M(e.R) e.2>;
              F = <Partit (e.L)s.M(e.R s.X) e.2>;
             };
       }
